docker is aewsom
